2018-01-02 15:24:53 Test : test-data/TestCase_01_Login.xml 文件不存在
2018-01-02 15:38:22 com.test.util.Log : test-data/TestCase_01_Login.xml 文件不存在
2018-01-02 16:29:21 com.test.util.Log : test-data/TestCase_01_Login.xml 文件不存在
2018-01-02 16:29:21 com.test.util.Log : test-data/TestCase_01_Login.xml 文件不存在
2018-01-02 16:29:21 com.test.util.Log : test-data/TestCase_01_Login.xml 文件不存在
2018-01-02 16:29:21 com.test.util.Log : test-data/TestCase_03_ShoppingCart.xml 文件不存在
2018-01-02 16:29:21 com.test.util.Log : test-data/TestCase_03_ShoppingCart.xml 文件不存在
2018-01-02 16:29:21 com.test.util.Log : test-data/TestCase_03_ShoppingCart.xml 文件不存在
2018-01-02 16:29:21 com.test.util.Log : test-data/TestCase_03_ShoppingCart.xml 文件不存在
2018-01-02 16:29:21 com.test.util.Log : test-data/TestCase_03_ShoppingCart.xml 文件不存在
2018-01-02 16:29:21 com.test.util.Log : test-data/TestCase_03_ShoppingCart.xml 文件不存在
2018-01-02 16:29:21 com.test.util.Log : test-data/TestCase_03_ShoppingCart.xml 文件不存在
2018-01-02 16:29:21 com.test.util.Log : test-data/TestCase_04_CreateOrder.xml 文件不存在
2018-01-02 16:29:21 com.test.util.Log : test-data/TestCase_04_CreateOrder.xml 文件不存在
2018-01-02 16:29:21 com.test.util.Log : test-data/TestCase_04_CreateOrder.xml 文件不存在
2018-01-02 16:29:21 com.test.util.Log : test-data/TestCase_04_CreateOrder.xml 文件不存在
2018-01-02 16:29:21 com.test.util.Log : test-data/TestCase_04_CreateOrder.xml 文件不存在
2018-01-02 16:29:21 com.test.util.Log : test-data/TestCase_04_CreateOrder.xml 文件不存在
2018-01-02 16:29:21 com.test.util.Log : test-data/TestCase_04_CreateOrder.xml 文件不存在
2018-01-02 16:29:21 com.test.util.Log : test-data/TestCase_04_CreateOrder.xml 文件不存在
2018-01-02 16:29:21 com.test.util.Log : test-data/TestCase_04_CreateOrder.xml 文件不存在
2018-01-02 16:29:21 com.test.util.Log : test-data/TestCase_04_CreateOrder.xml 文件不存在
2018-01-02 16:29:21 com.test.util.Log : test-data/TestCase_05_ChargeFee.xml 文件不存在
2018-01-02 16:29:21 com.test.util.Log : test-data/TestCase_05_ChargeFee.xml 文件不存在
2018-01-02 16:29:21 com.test.util.Log : test-data/TestCase_05_ChargeFee.xml 文件不存在
2018-01-02 16:29:21 com.test.util.Log : test-data/TestCase_05_ChargeFee.xml 文件不存在
2018-01-02 16:29:21 com.test.util.Log : test-data/TestCase_05_ChargeFee.xml 文件不存在
2018-01-02 17:18:25 com.test.util.Log : test-data/TestCase_01_Login.xml 文件不存在
